// Jest Snapshot v1, https://goo.gl/fbAQLP

exports[`renders header with title 1`] = `
<div>
  <header>
    <h1>
      (title)
    </h1>
  </header>
</div>
`;
